2026-03-31 08:44:09,058 | INFO | HTTP Request: GET https://api.whop.com/api/v1/campaigns?limit=100 "HTTP/1.1 404 Not Found"
2026-03-31 08:44:09,058 | ERROR | list_campaigns: HTTP 404
2026-03-31 08:44:10,300 | INFO | Started browsers for 3 platforms
2026-03-31 08:44:10,300 | INFO | Posting clip to all platforms: test.mp4
2026-03-31 08:44:10,301 | INFO | Logging into TikTok...
2026-03-31 08:44:10,305 | INFO | Logging into Instagram...
2026-03-31 08:44:10,307 | INFO | Logging into YouTube...
2026-03-31 08:44:17,955 | WARNING | TikTok login may require manual verification
2026-03-31 08:44:32,909 | INFO | Successfully logged into YouTube
2026-03-31 08:44:35,700 | ERROR | Instagram login failed: Page.wait_for_selector: Timeout 10000ms exceeded.
Call log:
  - waiting for locator("input[aria-label*=\"username\"], input[placeholder*=\"username\"]") to be visible

2026-03-31 08:45:07,869 | INFO | Posted to YouTube: test.mp4
2026-03-31 08:45:08,181 | INFO | All browsers closed

======================================================================
  SUNO END-TO-END VALIDATION TEST
  Reality Test: Prove automation works before launch
======================================================================

[STEP 1/5] Validating Whop API connection...

  [PASS] Whop API connection successful
       Found 0 campaigns

[STEP 2/5] Checking clips in inbox...

  [PASS] Found 1 clips in inbox
  [PASS] Test clip prepared: test.mp4

[STEP 3/5] Posting clip to platforms...

  Credentials verified: ['tiktok', 'instagram', 'youtube']
  [FAIL] Posting error: list index out of range

[STEP 5/5] Checking earnings tracking...

  [PASS] Earnings tracking active
       Clips posted today: 0
       Total views: 0
       Estimated earnings: $0.00

======================================================================
  VALIDATION SUMMARY
======================================================================

Traceback (most recent call last):
  File "C:\Users\ellio\SUNO-repo\test_validation.py", line 321, in <module>
    asyncio.run(main())
  File "C:\Users\ellio\AppData\Local\Programs\Python\Python312\Lib\asyncio\runners.py", line 195, in run
    return runner.run(main)
           ^^^^^^^^^^^^^^^^
  File "C:\Users\ellio\AppData\Local\Programs\Python\Python312\Lib\asyncio\runners.py", line 118, in run
    return self._loop.run_until_complete(task)
           ^^^^^^^^^^^^^^^^^^^^^^^^^^^^^^^^^^^
  File "C:\Users\ellio\AppData\Local\Programs\Python\Python312\Lib\asyncio\base_events.py", line 691, in run_until_complete
    return future.result()
           ^^^^^^^^^^^^^^^
  File "C:\Users\ellio\SUNO-repo\test_validation.py", line 316, in main
    result = await validator.run()
             ^^^^^^^^^^^^^^^^^^^^^
  File "C:\Users\ellio\SUNO-repo\test_validation.py", line 71, in run
    self._print_summary()
  File "C:\Users\ellio\SUNO-repo\test_validation.py", line 298, in _print_summary
    print(f"  [{symbol}] {step_label:<30} [{status}]")
  File "C:\Users\ellio\AppData\Local\Programs\Python\Python312\Lib\encodings\cp1252.py", line 19, in encode
    return codecs.charmap_encode(input,self.errors,encoding_table)[0]
           ^^^^^^^^^^^^^^^^^^^^^^^^^^^^^^^^^^^^^^^^^^^^^^^^^^^^^^^
UnicodeEncodeError: 'charmap' codec can't encode character '\u2713' in position 3: character maps to <undefined>
Exception ignored in: <function _ProactorBasePipeTransport.__del__ at 0x000002622A5A8720>
Traceback (most recent call last):
  File "C:\Users\ellio\AppData\Local\Programs\Python\Python312\Lib\asyncio\proactor_events.py", line 116, in __del__
    _warn(f"unclosed transport {self!r}", ResourceWarning, source=self)
                               ^^^^^^^^
  File "C:\Users\ellio\AppData\Local\Programs\Python\Python312\Lib\asyncio\proactor_events.py", line 80, in __repr__
    info.append(f'fd={self._sock.fileno()}')
                      ^^^^^^^^^^^^^^^^^^^
  File "C:\Users\ellio\AppData\Local\Programs\Python\Python312\Lib\asyncio\windows_utils.py", line 102, in fileno
    raise ValueError("I/O operation on closed pipe")
ValueError: I/O operation on closed pipe
Exception ignored in: <function BaseSubprocessTransport.__del__ at 0x000002622A586E80>
Traceback (most recent call last):
  File "C:\Users\ellio\AppData\Local\Programs\Python\Python312\Lib\asyncio\base_subprocess.py", line 125, in __del__
    _warn(f"unclosed transport {self!r}", ResourceWarning, source=self)
                               ^^^^^^^^
  File "C:\Users\ellio\AppData\Local\Programs\Python\Python312\Lib\asyncio\base_subprocess.py", line 70, in __repr__
    info.append(f'stdin={stdin.pipe}')
                        ^^^^^^^^^^^^
  File "C:\Users\ellio\AppData\Local\Programs\Python\Python312\Lib\asyncio\proactor_events.py", line 80, in __repr__
    info.append(f'fd={self._sock.fileno()}')
                      ^^^^^^^^^^^^^^^^^^^
  File "C:\Users\ellio\AppData\Local\Programs\Python\Python312\Lib\asyncio\windows_utils.py", line 102, in fileno
    raise ValueError("I/O operation on closed pipe")
ValueError: I/O operation on closed pipe
